EN wb_bus NULL D:/SVN/FAIR-VME64ext/trunk/HDL/VME64e_ActHDL_src/WB_bus.vhd sub00/vhpl15 1285746357
AR irq_controller rtl D:/SVN/FAIR-VME64ext/trunk/HDL/VME64e_ActHDL_src/IRQ_controller.vhd sub00/vhpl18 1285746360
AR fifo fifo_a D:/SVN/FAIR-VME64ext/trunk/HDL/IP_cores/FIFO.vhd sub00/vhpl22 1285746366
EN cr NULL D:/SVN/FAIR-VME64ext/trunk/HDL/IP_cores/CR.vhd sub00/vhpl25 1285746361
PH vme_pack NULL D:/SVN/FAIR-VME64ext/trunk/HDL/VME64e_ActHDL_src/VME_pack.vhd sub00/vhpl12 1285746354
AR wb_bus rtl D:/SVN/FAIR-VME64ext/trunk/HDL/VME64e_ActHDL_src/WB_bus.vhd sub00/vhpl16 1285746358
AR siginputsampleandrisingedgedetection rtl D:/SVN/FAIR-VME64ext/trunk/HDL/VME64e_ActHDL_src/SharedComps.vhd sub00/vhpl07 1285746349
EN irq_controller NULL D:/SVN/FAIR-VME64ext/trunk/HDL/VME64e_ActHDL_src/IRQ_controller.vhd sub00/vhpl17 1285746359
EN siginputsampleandedgedetection NULL D:/SVN/FAIR-VME64ext/trunk/HDL/VME64e_ActHDL_src/SharedComps.vhd sub00/vhpl08 1285746350
AR cr cr_a D:/SVN/FAIR-VME64ext/trunk/HDL/IP_cores/CR.vhd sub00/vhpl26 1285746362
EN siginputsampleandrisingedgedetection NULL D:/SVN/FAIR-VME64ext/trunk/HDL/VME64e_ActHDL_src/SharedComps.vhd sub00/vhpl06 1285746348
AR reginputsample rtl D:/SVN/FAIR-VME64ext/trunk/HDL/VME64e_ActHDL_src/SharedComps.vhd sub00/vhpl11 1285746353
AR vme64xcore_top rtl D:/SVN/FAIR-VME64ext/trunk/HDL/VME64e_ActHDL_src/VME64xCore_Top.vhd sub00/vhpl24 1285746368
EN siginputsampleandfallingedgedetection NULL D:/SVN/FAIR-VME64ext/trunk/HDL/VME64e_ActHDL_src/SharedComps.vhd sub00/vhpl04 1285746346
EN risedgedetection NULL D:/SVN/FAIR-VME64ext/trunk/HDL/VME64e_ActHDL_src/SharedComps.vhd sub00/vhpl02 1285746344
AR siginputsampleandfallingedgedetection rtl D:/SVN/FAIR-VME64ext/trunk/HDL/VME64e_ActHDL_src/SharedComps.vhd sub00/vhpl05 1285746347
EN siginputsample NULL D:/SVN/FAIR-VME64ext/trunk/HDL/VME64e_ActHDL_src/SharedComps.vhd sub00/vhpl00 1285746342
EN reginputsample NULL D:/SVN/FAIR-VME64ext/trunk/HDL/VME64e_ActHDL_src/SharedComps.vhd sub00/vhpl10 1285746352
AR cram cram_a D:/SVN/FAIR-VME64ext/trunk/HDL/IP_cores/CRAM.vhd sub00/vhpl20 1285746364
EN fifo NULL D:/SVN/FAIR-VME64ext/trunk/HDL/IP_cores/FIFO.vhd sub00/vhpl21 1285746365
EN vme_bus NULL D:/SVN/FAIR-VME64ext/trunk/HDL/VME64e_ActHDL_src/VME_bus.vhd sub00/vhpl13 1285746355
AR siginputsample rtl D:/SVN/FAIR-VME64ext/trunk/HDL/VME64e_ActHDL_src/SharedComps.vhd sub00/vhpl01 1285746343
AR siginputsampleandedgedetection rtl D:/SVN/FAIR-VME64ext/trunk/HDL/VME64e_ActHDL_src/SharedComps.vhd sub00/vhpl09 1285746351
EN cram NULL D:/SVN/FAIR-VME64ext/trunk/HDL/IP_cores/CRAM.vhd sub00/vhpl19 1285746363
EN vme64xcore_top NULL D:/SVN/FAIR-VME64ext/trunk/HDL/VME64e_ActHDL_src/VME64xCore_Top.vhd sub00/vhpl23 1285746367
AR risedgedetection rtl D:/SVN/FAIR-VME64ext/trunk/HDL/VME64e_ActHDL_src/SharedComps.vhd sub00/vhpl03 1285746345
AR vme_bus rtl D:/SVN/FAIR-VME64ext/trunk/HDL/VME64e_ActHDL_src/VME_bus.vhd sub00/vhpl14 1285746356
