EN wb_bus NULL D:/SVN/FAIR-VME64ext/trunk/HDL/VME64e_ISE/WB_bus.vhd sub00/vhpl15 1283417059
AR irq_controller rtl D:/SVN/FAIR-VME64ext/trunk/HDL/VME64e_ISE/IRQ_controller.vhd sub00/vhpl18 1283417062
AR fifo fifo_a D:/SVN/FAIR-VME64ext/trunk/HDL/VME64e_ISE/ipcore_dir/FIFO.vhd sub00/vhpl22 1283417068
EN cr NULL D:/SVN/FAIR-VME64ext/trunk/HDL/VME64e_ISE/ipcore_dir/CR.vhd sub00/vhpl25 1283417063
PH vme_pack NULL D:/SVN/FAIR-VME64ext/trunk/HDL/VME64e_ISE/VME_pack.vhd sub00/vhpl12 1283417056
AR wb_bus rtl D:/SVN/FAIR-VME64ext/trunk/HDL/VME64e_ISE/WB_bus.vhd sub00/vhpl16 1283417060
AR siginputsampleandrisingedgedetection rtl D:/SVN/FAIR-VME64ext/trunk/HDL/VME64e_ISE/SharedComps.vhd sub00/vhpl07 1283417051
EN irq_controller NULL D:/SVN/FAIR-VME64ext/trunk/HDL/VME64e_ISE/IRQ_controller.vhd sub00/vhpl17 1283417061
EN siginputsampleandedgedetection NULL D:/SVN/FAIR-VME64ext/trunk/HDL/VME64e_ISE/SharedComps.vhd sub00/vhpl08 1283417052
AR cr cr_a D:/SVN/FAIR-VME64ext/trunk/HDL/VME64e_ISE/ipcore_dir/CR.vhd sub00/vhpl26 1283417064
EN siginputsampleandrisingedgedetection NULL D:/SVN/FAIR-VME64ext/trunk/HDL/VME64e_ISE/SharedComps.vhd sub00/vhpl06 1283417050
AR reginputsample rtl D:/SVN/FAIR-VME64ext/trunk/HDL/VME64e_ISE/SharedComps.vhd sub00/vhpl11 1283417055
AR vme64xcore_top rtl D:/SVN/FAIR-VME64ext/trunk/HDL/VME64e_ISE/VME64xCore_Top.vhd sub00/vhpl24 1283417070
EN siginputsampleandfallingedgedetection NULL D:/SVN/FAIR-VME64ext/trunk/HDL/VME64e_ISE/SharedComps.vhd sub00/vhpl04 1283417048
EN risedgedetection NULL D:/SVN/FAIR-VME64ext/trunk/HDL/VME64e_ISE/SharedComps.vhd sub00/vhpl02 1283417046
AR siginputsampleandfallingedgedetection rtl D:/SVN/FAIR-VME64ext/trunk/HDL/VME64e_ISE/SharedComps.vhd sub00/vhpl05 1283417049
EN siginputsample NULL D:/SVN/FAIR-VME64ext/trunk/HDL/VME64e_ISE/SharedComps.vhd sub00/vhpl00 1283417044
EN reginputsample NULL D:/SVN/FAIR-VME64ext/trunk/HDL/VME64e_ISE/SharedComps.vhd sub00/vhpl10 1283417054
AR cram cram_a D:/SVN/FAIR-VME64ext/trunk/HDL/VME64e_ISE/ipcore_dir/CRAM.vhd sub00/vhpl20 1283417066
EN fifo NULL D:/SVN/FAIR-VME64ext/trunk/HDL/VME64e_ISE/ipcore_dir/FIFO.vhd sub00/vhpl21 1283417067
EN vme_bus NULL D:/SVN/FAIR-VME64ext/trunk/HDL/VME64e_ISE/VME_bus.vhd sub00/vhpl13 1283417057
AR siginputsample rtl D:/SVN/FAIR-VME64ext/trunk/HDL/VME64e_ISE/SharedComps.vhd sub00/vhpl01 1283417045
AR siginputsampleandedgedetection rtl D:/SVN/FAIR-VME64ext/trunk/HDL/VME64e_ISE/SharedComps.vhd sub00/vhpl09 1283417053
EN cram NULL D:/SVN/FAIR-VME64ext/trunk/HDL/VME64e_ISE/ipcore_dir/CRAM.vhd sub00/vhpl19 1283417065
EN vme64xcore_top NULL D:/SVN/FAIR-VME64ext/trunk/HDL/VME64e_ISE/VME64xCore_Top.vhd sub00/vhpl23 1283417069
AR risedgedetection rtl D:/SVN/FAIR-VME64ext/trunk/HDL/VME64e_ISE/SharedComps.vhd sub00/vhpl03 1283417047
AR vme_bus rtl D:/SVN/FAIR-VME64ext/trunk/HDL/VME64e_ISE/VME_bus.vhd sub00/vhpl14 1283417058
