V3 48
FL D:/SVN/FAIR-VME64ext/trunk/HDL/VME64e_ISE/ipcore_dir/CR.vhd 2010/09/02.10:42:11 M.53d
EN work/CR 1283417063 \
      FL D:/SVN/FAIR-VME64ext/trunk/HDL/VME64e_ISE/ipcore_dir/CR.vhd \
      PB ieee/std_logic_1164 1270894585
AR work/CR/CR_a 1283417064 \
      FL D:/SVN/FAIR-VME64ext/trunk/HDL/VME64e_ISE/ipcore_dir/CR.vhd EN work/CR 1283417063
FL D:/SVN/FAIR-VME64ext/trunk/HDL/VME64e_ISE/ipcore_dir/CRAM.vhd 2010/09/02.10:36:52 M.53d
EN work/CRAM 1283417065 \
      FL D:/SVN/FAIR-VME64ext/trunk/HDL/VME64e_ISE/ipcore_dir/CRAM.vhd \
      PB ieee/std_logic_1164 1270894585
AR work/CRAM/CRAM_a 1283417066 \
      FL D:/SVN/FAIR-VME64ext/trunk/HDL/VME64e_ISE/ipcore_dir/CRAM.vhd \
      EN work/CRAM 1283417065
FL D:/SVN/FAIR-VME64ext/trunk/HDL/VME64e_ISE/ipcore_dir/FIFO.vhd 2010/09/02.10:38:16 M.53d
EN work/FIFO 1283417067 \
      FL D:/SVN/FAIR-VME64ext/trunk/HDL/VME64e_ISE/ipcore_dir/FIFO.vhd \
      PB ieee/std_logic_1164 1270894585
AR work/FIFO/FIFO_a 1283417068 \
      FL D:/SVN/FAIR-VME64ext/trunk/HDL/VME64e_ISE/ipcore_dir/FIFO.vhd \
      EN work/FIFO 1283417067
FL D:/SVN/FAIR-VME64ext/trunk/HDL/VME64e_ISE/IRQ_controller.vhd 2010/07/05.08:40:56 M.53d
EN work/IRQ_controller 1283417061 \
      FL D:/SVN/FAIR-VME64ext/trunk/HDL/VME64e_ISE/IRQ_controller.vhd \
      PB ieee/std_logic_1164 1270894585 PB ieee/STD_LOGIC_UNSIGNED 1270894587
AR work/IRQ_controller/RTL 1283417062 \
      FL D:/SVN/FAIR-VME64ext/trunk/HDL/VME64e_ISE/IRQ_controller.vhd \
      EN work/IRQ_controller 1283417061 CP RisEdgeDetection CP SigInputSample \
      CP RegInputSample
FL D:/SVN/FAIR-VME64ext/trunk/HDL/VME64e_ISE/SharedComps.vhd 2010/09/02.09:55:47 M.53d
EN work/SigInputSample 1283417044 \
      FL D:/SVN/FAIR-VME64ext/trunk/HDL/VME64e_ISE/SharedComps.vhd \
      PB ieee/std_logic_1164 1270894585
AR work/SigInputSample/RTL 1283417045 \
      FL D:/SVN/FAIR-VME64ext/trunk/HDL/VME64e_ISE/SharedComps.vhd \
      EN work/SigInputSample 1283417044
EN work/RisEdgeDetection 1283417046 \
      FL D:/SVN/FAIR-VME64ext/trunk/HDL/VME64e_ISE/SharedComps.vhd \
      PB ieee/std_logic_1164 1270894585
AR work/RisEdgeDetection/RTL 1283417047 \
      FL D:/SVN/FAIR-VME64ext/trunk/HDL/VME64e_ISE/SharedComps.vhd \
      EN work/RisEdgeDetection 1283417046
EN work/SigInputSampleAndFallingEdgeDetection 1283417048 \
      FL D:/SVN/FAIR-VME64ext/trunk/HDL/VME64e_ISE/SharedComps.vhd \
      PB ieee/std_logic_1164 1270894585
AR work/SigInputSampleAndFallingEdgeDetection/RTL 1283417049 \
      FL D:/SVN/FAIR-VME64ext/trunk/HDL/VME64e_ISE/SharedComps.vhd \
      EN work/SigInputSampleAndFallingEdgeDetection 1283417048
EN work/SigInputSampleAndRisingEdgeDetection 1283417050 \
      FL D:/SVN/FAIR-VME64ext/trunk/HDL/VME64e_ISE/SharedComps.vhd \
      PB ieee/std_logic_1164 1270894585
AR work/SigInputSampleAndRisingEdgeDetection/RTL 1283417051 \
      FL D:/SVN/FAIR-VME64ext/trunk/HDL/VME64e_ISE/SharedComps.vhd \
      EN work/SigInputSampleAndRisingEdgeDetection 1283417050
EN work/SigInputSampleAndEdgeDetection 1283417052 \
      FL D:/SVN/FAIR-VME64ext/trunk/HDL/VME64e_ISE/SharedComps.vhd \
      PB ieee/std_logic_1164 1270894585
AR work/SigInputSampleAndEdgeDetection/RTL 1283417053 \
      FL D:/SVN/FAIR-VME64ext/trunk/HDL/VME64e_ISE/SharedComps.vhd \
      EN work/SigInputSampleAndEdgeDetection 1283417052
EN work/RegInputSample 1283417054 \
      FL D:/SVN/FAIR-VME64ext/trunk/HDL/VME64e_ISE/SharedComps.vhd \
      PB ieee/std_logic_1164 1270894585
AR work/RegInputSample/RTL 1283417055 \
      FL D:/SVN/FAIR-VME64ext/trunk/HDL/VME64e_ISE/SharedComps.vhd \
      EN work/RegInputSample 1283417054
FL D:/SVN/FAIR-VME64ext/trunk/HDL/VME64e_ISE/VME64xCore_Top.vhd 2010/06/14.14:38:24 M.53d
EN work/VME64xCore_Top 1283417069 \
      FL D:/SVN/FAIR-VME64ext/trunk/HDL/VME64e_ISE/VME64xCore_Top.vhd \
      PB ieee/std_logic_1164 1270894585
AR work/VME64xCore_Top/RTL 1283417070 \
      FL D:/SVN/FAIR-VME64ext/trunk/HDL/VME64e_ISE/VME64xCore_Top.vhd \
      EN work/VME64xCore_Top 1283417069 CP VME_bus CP WB_bus CP IRQ_controller CP CR \
      CP CRAM CP FIFO
FL D:/SVN/FAIR-VME64ext/trunk/HDL/VME64e_ISE/VME_bus.vhd 2010/07/05.08:39:33 M.53d
EN work/VME_bus 1283417057 \
      FL D:/SVN/FAIR-VME64ext/trunk/HDL/VME64e_ISE/VME_bus.vhd \
      PB ieee/std_logic_1164 1270894585 PB ieee/STD_LOGIC_UNSIGNED 1270894587 \
      PH work/VME_pack 1283417056
AR work/VME_bus/RTL 1283417058 \
      FL D:/SVN/FAIR-VME64ext/trunk/HDL/VME64e_ISE/VME_bus.vhd EN work/VME_bus 1283417057 \
      CP RisEdgeDetection CP SigInputSampleAndFallingEdgeDetection \
      CP SigInputSampleAndRisingEdgeDetection CP SigInputSampleAndEdgeDetection \
      CP RegInputSample CP SigInputSample
FL D:/SVN/FAIR-VME64ext/trunk/HDL/VME64e_ISE/VME_pack.vhd 2010/05/19.09:59:53 M.53d
PH work/VME_pack 1283417056 \
      FL D:/SVN/FAIR-VME64ext/trunk/HDL/VME64e_ISE/VME_pack.vhd \
      PB ieee/std_logic_1164 1270894585
FL D:/SVN/FAIR-VME64ext/trunk/HDL/VME64e_ISE/WB_bus.vhd 2010/07/05.08:40:21 M.53d
EN work/WB_bus 1283417059 FL D:/SVN/FAIR-VME64ext/trunk/HDL/VME64e_ISE/WB_bus.vhd \
      PB ieee/std_logic_1164 1270894585 PB ieee/STD_LOGIC_UNSIGNED 1270894587
AR work/WB_bus/RTL 1283417060 \
      FL D:/SVN/FAIR-VME64ext/trunk/HDL/VME64e_ISE/WB_bus.vhd EN work/WB_bus 1283417059
