V3 57
FL D:/SVN/FAIR-VME64ext/trunk/HDL/IP_cores/CR.vhd 2010/03/24.14:01:27 M.53d
EN work/CR 1285746361 FL D:/SVN/FAIR-VME64ext/trunk/HDL/IP_cores/CR.vhd \
      PB ieee/std_logic_1164 1270894585
AR work/CR/CR_a 1285746362 \
      FL D:/SVN/FAIR-VME64ext/trunk/HDL/IP_cores/CR.vhd EN work/CR 1285746361
FL D:/SVN/FAIR-VME64ext/trunk/HDL/IP_cores/CRAM.vhd 2010/03/26.09:17:33 M.53d
EN work/CRAM 1285746363 FL D:/SVN/FAIR-VME64ext/trunk/HDL/IP_cores/CRAM.vhd \
      PB ieee/std_logic_1164 1270894585
AR work/CRAM/CRAM_a 1285746364 \
      FL D:/SVN/FAIR-VME64ext/trunk/HDL/IP_cores/CRAM.vhd EN work/CRAM 1285746363
FL D:/SVN/FAIR-VME64ext/trunk/HDL/IP_cores/FIFO.vhd 2010/04/08.10:57:32 M.53d
EN work/FIFO 1285746365 FL D:/SVN/FAIR-VME64ext/trunk/HDL/IP_cores/FIFO.vhd \
      PB ieee/std_logic_1164 1270894585
AR work/FIFO/FIFO_a 1285746366 \
      FL D:/SVN/FAIR-VME64ext/trunk/HDL/IP_cores/FIFO.vhd EN work/FIFO 1285746365
FL D:/SVN/FAIR-VME64ext/trunk/HDL/VME64e_ActHDL_src/IRQ_controller.vhd 2010/07/05.08:40:56 M.53d
EN work/IRQ_controller 1285746359 \
      FL D:/SVN/FAIR-VME64ext/trunk/HDL/VME64e_ActHDL_src/IRQ_controller.vhd \
      PB ieee/std_logic_1164 1270894585 PB ieee/STD_LOGIC_UNSIGNED 1270894587
AR work/IRQ_controller/RTL 1285746360 \
      FL D:/SVN/FAIR-VME64ext/trunk/HDL/VME64e_ActHDL_src/IRQ_controller.vhd \
      EN work/IRQ_controller 1285746359 CP RisEdgeDetection CP SigInputSample \
      CP RegInputSample
FL D:/SVN/FAIR-VME64ext/trunk/HDL/VME64e_ActHDL_src/SharedComps.vhd 2010/09/29.09:45:31 M.53d
EN work/SigInputSample 1285746342 \
      FL D:/SVN/FAIR-VME64ext/trunk/HDL/VME64e_ActHDL_src/SharedComps.vhd \
      PB ieee/std_logic_1164 1270894585
AR work/SigInputSample/RTL 1285746343 \
      FL D:/SVN/FAIR-VME64ext/trunk/HDL/VME64e_ActHDL_src/SharedComps.vhd \
      EN work/SigInputSample 1285746342
EN work/RisEdgeDetection 1285746344 \
      FL D:/SVN/FAIR-VME64ext/trunk/HDL/VME64e_ActHDL_src/SharedComps.vhd \
      PB ieee/std_logic_1164 1270894585
AR work/RisEdgeDetection/RTL 1285746345 \
      FL D:/SVN/FAIR-VME64ext/trunk/HDL/VME64e_ActHDL_src/SharedComps.vhd \
      EN work/RisEdgeDetection 1285746344
EN work/SigInputSampleAndFallingEdgeDetection 1285746346 \
      FL D:/SVN/FAIR-VME64ext/trunk/HDL/VME64e_ActHDL_src/SharedComps.vhd \
      PB ieee/std_logic_1164 1270894585
AR work/SigInputSampleAndFallingEdgeDetection/RTL 1285746347 \
      FL D:/SVN/FAIR-VME64ext/trunk/HDL/VME64e_ActHDL_src/SharedComps.vhd \
      EN work/SigInputSampleAndFallingEdgeDetection 1285746346
EN work/SigInputSampleAndRisingEdgeDetection 1285746348 \
      FL D:/SVN/FAIR-VME64ext/trunk/HDL/VME64e_ActHDL_src/SharedComps.vhd \
      PB ieee/std_logic_1164 1270894585
AR work/SigInputSampleAndRisingEdgeDetection/RTL 1285746349 \
      FL D:/SVN/FAIR-VME64ext/trunk/HDL/VME64e_ActHDL_src/SharedComps.vhd \
      EN work/SigInputSampleAndRisingEdgeDetection 1285746348
EN work/SigInputSampleAndEdgeDetection 1285746350 \
      FL D:/SVN/FAIR-VME64ext/trunk/HDL/VME64e_ActHDL_src/SharedComps.vhd \
      PB ieee/std_logic_1164 1270894585
AR work/SigInputSampleAndEdgeDetection/RTL 1285746351 \
      FL D:/SVN/FAIR-VME64ext/trunk/HDL/VME64e_ActHDL_src/SharedComps.vhd \
      EN work/SigInputSampleAndEdgeDetection 1285746350
EN work/RegInputSample 1285746352 \
      FL D:/SVN/FAIR-VME64ext/trunk/HDL/VME64e_ActHDL_src/SharedComps.vhd \
      PB ieee/std_logic_1164 1270894585
AR work/RegInputSample/RTL 1285746353 \
      FL D:/SVN/FAIR-VME64ext/trunk/HDL/VME64e_ActHDL_src/SharedComps.vhd \
      EN work/RegInputSample 1285746352
FL D:/SVN/FAIR-VME64ext/trunk/HDL/VME64e_ActHDL_src/VME64xCore_Top.vhd 2010/06/14.14:38:24 M.53d
EN work/VME64xCore_Top 1285746367 \
      FL D:/SVN/FAIR-VME64ext/trunk/HDL/VME64e_ActHDL_src/VME64xCore_Top.vhd \
      PB ieee/std_logic_1164 1270894585
AR work/VME64xCore_Top/RTL 1285746368 \
      FL D:/SVN/FAIR-VME64ext/trunk/HDL/VME64e_ActHDL_src/VME64xCore_Top.vhd \
      EN work/VME64xCore_Top 1285746367 CP VME_bus CP WB_bus CP IRQ_controller CP CR \
      CP CRAM CP FIFO
FL D:/SVN/FAIR-VME64ext/trunk/HDL/VME64e_ActHDL_src/VME_bus.vhd 2010/09/21.14:45:55 M.53d
EN work/VME_bus 1285746355 \
      FL D:/SVN/FAIR-VME64ext/trunk/HDL/VME64e_ActHDL_src/VME_bus.vhd \
      PB ieee/std_logic_1164 1270894585 PB ieee/STD_LOGIC_UNSIGNED 1270894587 \
      PH work/VME_pack 1285746354
AR work/VME_bus/RTL 1285746356 \
      FL D:/SVN/FAIR-VME64ext/trunk/HDL/VME64e_ActHDL_src/VME_bus.vhd \
      EN work/VME_bus 1285746355 CP RisEdgeDetection \
      CP SigInputSampleAndFallingEdgeDetection \
      CP SigInputSampleAndRisingEdgeDetection CP SigInputSampleAndEdgeDetection \
      CP RegInputSample CP SigInputSample
FL D:/SVN/FAIR-VME64ext/trunk/HDL/VME64e_ActHDL_src/VME_pack.vhd 2010/05/19.09:59:53 M.53d
PH work/VME_pack 1285746354 \
      FL D:/SVN/FAIR-VME64ext/trunk/HDL/VME64e_ActHDL_src/VME_pack.vhd \
      PB ieee/std_logic_1164 1270894585
FL D:/SVN/FAIR-VME64ext/trunk/HDL/VME64e_ActHDL_src/WB_bus.vhd 2010/07/05.08:40:21 M.53d
EN work/WB_bus 1285746357 \
      FL D:/SVN/FAIR-VME64ext/trunk/HDL/VME64e_ActHDL_src/WB_bus.vhd \
      PB ieee/std_logic_1164 1270894585 PB ieee/STD_LOGIC_UNSIGNED 1270894587
AR work/WB_bus/RTL 1285746358 \
      FL D:/SVN/FAIR-VME64ext/trunk/HDL/VME64e_ActHDL_src/WB_bus.vhd \
      EN work/WB_bus 1285746357
FL D:/SVN/FAIR-VME64ext/trunk/HDL/VME64e_ISE/ipcore_dir/CR.vhd 2010/09/02.10:42:11 M.53d
FL D:/SVN/FAIR-VME64ext/trunk/HDL/VME64e_ISE/ipcore_dir/CRAM.vhd 2010/09/02.10:36:52 M.53d
FL D:/SVN/FAIR-VME64ext/trunk/HDL/VME64e_ISE/ipcore_dir/FIFO.vhd 2010/09/02.10:38:16 M.53d
FL D:/SVN/FAIR-VME64ext/trunk/HDL/VME64e_ISE/IRQ_controller.vhd 2010/07/05.08:40:56 M.53d
FL D:/SVN/FAIR-VME64ext/trunk/HDL/VME64e_ISE/SharedComps.vhd 2010/09/02.09:55:47 M.53d
FL D:/SVN/FAIR-VME64ext/trunk/HDL/VME64e_ISE/VME64xCore_Top.vhd 2010/06/14.14:38:24 M.53d
FL D:/SVN/FAIR-VME64ext/trunk/HDL/VME64e_ISE/VME_bus.vhd 2010/07/05.08:39:33 M.53d
FL D:/SVN/FAIR-VME64ext/trunk/HDL/VME64e_ISE/VME_pack.vhd 2010/05/19.09:59:53 M.53d
FL D:/SVN/FAIR-VME64ext/trunk/HDL/VME64e_ISE/WB_bus.vhd 2010/07/05.08:40:21 M.53d
